
======================================================================
[TEST SUITE] Task30-Review 自动化测试
======================================================================
项目根目录：E:\video_agent
映射文件路径：E:\video_agent\data\current\user_scene_asset_overrides.json
输出视频路径：E:\video_agent\output\video.mp4

======================================================================
[TEST] Case 1 - 映射为空时主链正常运行
======================================================================
[*] 已设置空映射
[*] 运行 video_engine...
[*] 输出视频：E:\video_agent\output\video.mp4
[PASS] Case 1

======================================================================
[TEST] Case 2 - 映射有效且素材存在
======================================================================
[*] 准备测试素材...
[*] 已复制：E:\video_agent\assets\user_images\test_user_card.png
[*] 已设置有效映射（scene_id=1 → test_user_card.png）
[*] 运行 video_engine...
[*] 日志中发现 [VIDEO][USER] 标识，用户素材优先生效
[PASS] Case 2

======================================================================
[TEST] Case 3 - 映射存在但素材不存在（自动回退）
======================================================================
[*] 已设置无效映射（指向不存在的文件）
[*] 运行 video_engine...
[*] 发现 [USER_ASSET][WARN] 警告，系统已自动回退
[*] 已自动回退到 bridge/old_logic，主链正常运行
[PASS] Case 3

======================================================================
[TEST] Case 4 - 清理并恢复初始状态
======================================================================
[*] 已恢复映射文件：E:\video_agent\data\current\user_scene_asset_overrides.json
[*] 已清理测试素材
[*] 初始状态恢复完成，未污染主链环境
[PASS] Case 4

[*] 最终清理：恢复初始映射...

======================================================================
[SUMMARY] 测试汇总
======================================================================
总测试数：4
通过数：4
失败数：0
======================================================================
